# serializer version: 1
# name: test_discovered_host_saved_and_later_cloud_auth_failure_is_isolated
  dict({
    'board-1_achievements': 'sensor.match_board_achievements | - | enabled | - | badges | - | achievements | named',
    'board-1_achievements_enabled': 'switch.match_board_unlock_achievements | config | enabled | - | - | - | achievements_enabled | named',
    'board-1_auto_calibrate': 'switch.match_board_automatic_recalibration | config | enabled | - | - | - | auto_calibrate | named',
    'board-1_auto_calibrate_on_start': 'switch.match_board_calibrate_on_start | config | enabled | - | - | - | auto_calibrate_on_start | named',
    'board-1_auto_distortion': 'switch.match_board_distortion_correction | config | enabled | - | - | - | auto_distortion | named',
    'board-1_board_event': 'sensor.match_board_last_event | diagnostic | disabled | - | - | - | board_event | named',
    'board-1_board_events': 'event.match_board_events | - | enabled | - | - | - | board_events | named',
    'board-1_board_status': 'sensor.match_board_cloud_status | diagnostic | enabled | enum | - | - | board_status | named',
    'board-1_calibrate': 'button.match_board_start_automatic_calibration | config | enabled | - | - | - | calibrate | named',
    'board-1_calibrate_camera_0': 'button.match_board_calibrate_camera_1 | config | enabled | - | - | - | calibrate_camera | named',
    'board-1_calibrate_camera_1': 'button.match_board_calibrate_camera_2 | config | enabled | - | - | - | calibrate_camera | named',
    'board-1_calibrate_camera_2': 'button.match_board_calibrate_camera_3 | config | enabled | - | - | - | calibrate_camera | named',
    'board-1_calibrating': 'binary_sensor.match_board_calibration_in_progress | - | enabled | running | - | - | calibrating | named',
    'board-1_camera_0': 'camera.match_board_camera_1 | - | disabled | - | - | - | board_camera | named',
    'board-1_camera_0_fps': 'sensor.match_board_camera_1_frame_rate | diagnostic | disabled | - | fps | measurement | camera_fps | named',
    'board-1_camera_0_problem': 'binary_sensor.match_board_camera_1_problem | diagnostic | enabled | problem | - | - | individual_camera_problem | named',
    'board-1_camera_1': 'camera.match_board_camera_2 | - | disabled | - | - | - | board_camera | named',
    'board-1_camera_1_fps': 'sensor.match_board_camera_2_frame_rate | diagnostic | disabled | - | fps | measurement | camera_fps | named',
    'board-1_camera_1_problem': 'binary_sensor.match_board_camera_2_problem | diagnostic | enabled | problem | - | - | individual_camera_problem | named',
    'board-1_camera_2': 'camera.match_board_camera_3 | - | disabled | - | - | - | board_camera | named',
    'board-1_camera_2_fps': 'sensor.match_board_camera_3_frame_rate | diagnostic | disabled | - | fps | measurement | camera_fps | named',
    'board-1_camera_2_problem': 'binary_sensor.match_board_camera_3_problem | diagnostic | enabled | problem | - | - | individual_camera_problem | named',
    'board-1_camera_problem': 'binary_sensor.match_board_camera_problem | diagnostic | enabled | problem | - | - | camera_problem | named',
    'board-1_cameras_active': 'binary_sensor.match_board_cameras_active | - | enabled | running | - | - | cameras_active | named',
    'board-1_connect': 'button.match_board_connect_cloud_link | config | disabled | - | - | - | connect | named',
    'board-1_correction_rate': 'sensor.match_board_detection_correction_rate | diagnostic | enabled | - | % | measurement | correction_rate | named',
    'board-1_darts_thrown': 'sensor.match_board_darts_thrown | - | enabled | - | darts | total_increasing | darts_thrown | named',
    'board-1_darts_today': 'sensor.match_board_darts_today | - | enabled | - | darts | total_increasing | darts_today | named',
    'board-1_detection': 'switch.match_board_detection | - | enabled | - | - | - | detection | named',
    'board-1_detection_fps': 'sensor.match_board_detection_frame_rate | diagnostic | disabled | - | fps | measurement | detection_fps | named',
    'board-1_disconnect': 'button.match_board_disconnect_cloud_link | config | disabled | - | - | - | disconnect | named',
    'board-1_favourite_double': 'sensor.match_board_favorite_double | - | enabled | - | - | - | favourite_double | named',
    'board-1_game_mode': 'sensor.match_board_game_mode | - | enabled | - | - | - | game_mode | named',
    'board-1_hand_detected': 'binary_sensor.match_board_hand_detected | diagnostic | enabled | - | - | - | hand_detected | named',
    'board-1_image_stable': 'binary_sensor.match_board_image_stable | diagnostic | disabled | - | - | - | image_stable | named',
    'board-1_last_match': 'sensor.match_board_last_match | - | enabled | timestamp | - | - | last_match | named',
    'board-1_last_throw': 'sensor.match_board_last_dart | - | enabled | - | - | - | last_throw | named',
    'board-1_last_throw_score': 'sensor.match_board_last_dart_score | - | enabled | - | points | - | last_throw_score | named',
    'board-1_local_connected': 'binary_sensor.match_board_local_connection | diagnostic | enabled | connectivity | - | - | local_connected | named',
    'board-1_local_status': 'sensor.match_board_detection_status | - | enabled | enum | - | - | local_status | named',
    'board-1_local_visit_score': 'sensor.match_board_detected_visit_score | - | enabled | - | points | - | local_visit_score | named',
    'board-1_match_state': 'sensor.match_board_match_state | - | enabled | enum | - | - | match_state | named',
    'board-1_num_throws': 'sensor.match_board_darts_in_visit | - | enabled | - | darts | - | num_throws | named',
    'board-1_personal_best': 'sensor.match_board_last_personal_best | - | enabled | timestamp | - | - | personal_best | named',
    'board-1_player_profiles': 'sensor.match_board_player_profiles | - | enabled | - | players | - | player_profiles | named',
    'board-1_practice_bot_delay': 'number.match_board_practice_bot_delay | config | enabled | duration | s | - | practice_bot_delay | named',
    'board-1_practice_bot_level': 'number.match_board_practice_bot_level | config | enabled | - | - | - | practice_bot_level | named',
    'board-1_practice_bull_off': 'switch.match_board_practice_bull_off | config | enabled | - | - | - | practice_bull_off | named',
    'board-1_practice_bull_off_distance': 'switch.match_board_practice_bull_off_by_distance | config | enabled | - | - | - | practice_bull_off_distance | named',
    'board-1_practice_checkout': 'sensor.match_board_practice_checkout | - | enabled | - | - | - | practice_checkout | named',
    'board-1_practice_checkout_rate': 'sensor.match_board_practice_checkout_rate | - | enabled | - | % | measurement | practice_checkout_rate | named',
    'board-1_practice_count_up_rounds': 'number.match_board_practice_count_up_rounds | config | enabled | - | - | - | practice_count_up_rounds | named',
    'board-1_practice_double_in': 'switch.match_board_practice_double_in | config | enabled | - | - | - | practice_double_in | named',
    'board-1_practice_double_out': 'switch.match_board_practice_double_out | config | enabled | - | - | - | practice_double_out | named',
    'board-1_practice_doubles_rate': 'sensor.match_board_practice_doubles_rate | - | enabled | - | % | measurement | practice_doubles_rate | named',
    'board-1_practice_first_9_average': 'sensor.match_board_practice_first_9_average | - | enabled | - | points | measurement | practice_first_9_average | named',
    'board-1_practice_game': 'select.match_board_practice_game | - | enabled | - | - | - | practice_game | named',
    'board-1_practice_golf_holes': 'select.match_board_practice_golf_holes | config | enabled | - | - | - | practice_golf_holes | named',
    'board-1_practice_legs': 'number.match_board_practice_legs_per_set | config | enabled | - | - | - | practice_legs | named',
    'board-1_practice_legs_played': 'sensor.match_board_practice_legs_played | - | enabled | - | - | total | practice_legs_played | named',
    'board-1_practice_manual_entry': 'switch.match_board_practice_manual_entry | config | enabled | - | - | - | practice_manual_entry | named',
    'board-1_practice_new_leg': 'button.match_board_new_practice_leg | - | enabled | - | - | - | practice_new_leg | named',
    'board-1_practice_new_match': 'button.match_board_new_practice_match | - | enabled | - | - | - | practice_new_match | named',
    'board-1_practice_personal_routes': 'switch.match_board_practice_personal_checkout_routes | config | enabled | - | - | - | practice_personal_routes | named',
    'board-1_practice_player_1': 'text.match_board_practice_player_1 | config | enabled | - | - | - | practice_player | named',
    'board-1_practice_player_2': 'text.match_board_practice_player_2 | config | enabled | - | - | - | practice_player | named',
    'board-1_practice_player_3': 'text.match_board_practice_player_3 | config | enabled | - | - | - | practice_player | named',
    'board-1_practice_player_4': 'text.match_board_practice_player_4 | config | enabled | - | - | - | practice_player | named',
    'board-1_practice_players': 'number.match_board_practice_players | config | enabled | - | - | - | practice_players | named',
    'board-1_practice_remaining': 'sensor.match_board_practice_remaining_score | - | enabled | - | - | - | practice_remaining | named',
    'board-1_practice_sets': 'number.match_board_practice_sets_to_win | config | enabled | - | - | - | practice_sets | named',
    'board-1_practice_start_1': 'number.match_board_practice_start_score_player_1 | config | enabled | - | - | - | practice_start | named',
    'board-1_practice_start_2': 'number.match_board_practice_start_score_player_2 | config | enabled | - | - | - | practice_start | named',
    'board-1_practice_start_3': 'number.match_board_practice_start_score_player_3 | config | enabled | - | - | - | practice_start | named',
    'board-1_practice_start_4': 'number.match_board_practice_start_score_player_4 | config | enabled | - | - | - | practice_start | named',
    'board-1_practice_target': 'sensor.match_board_practice_target | - | enabled | - | - | - | practice_target | named',
    'board-1_practice_teams': 'switch.match_board_practice_teams | config | enabled | - | - | - | practice_teams | named',
    'board-1_practice_three_in_a_bed': 'switch.match_board_practice_wild_mouse_three_in_a_bed | config | enabled | - | - | - | practice_three_in_a_bed | named',
    'board-1_realtime_connected': 'binary_sensor.match_board_realtime_connection | diagnostic | enabled | connectivity | - | - | realtime_connected | named',
    'board-1_reset': 'button.match_board_reset_detection | - | enabled | - | - | - | reset | named',
    'board-1_reset_training': 'button.match_board_new_training_session | - | enabled | - | - | - | reset_training | named',
    'board-1_restart': 'button.match_board_restart_board_manager | config | enabled | restart | - | - | restart | named',
    'board-1_round': 'sensor.match_board_round | - | enabled | - | - | - | round | named',
    'board-1_standby_minutes': 'select.match_board_camera_standby | config | enabled | - | - | - | standby_minutes | named',
    'board-1_start': 'button.match_board_start_detection | - | enabled | - | - | - | start | named',
    'board-1_start_streams': 'button.match_board_start_camera_streams | config | disabled | - | - | - | start_streams | named',
    'board-1_stop': 'button.match_board_stop_detection | - | enabled | - | - | - | stop | named',
    'board-1_stop_streams': 'button.match_board_stop_camera_streams | config | disabled | - | - | - | stop_streams | named',
    'board-1_takeout_full': 'binary_sensor.match_board_darts_fully_removed | diagnostic | disabled | - | - | - | takeout_full | named',
    'board-1_takeout_partial': 'binary_sensor.match_board_darts_partially_removed | diagnostic | enabled | - | - | - | takeout_partial | named',
    'board-1_tournament': 'sensor.match_board_tournament | - | enabled | enum | - | - | tournament | named',
    'board-1_tournament_format': 'select.match_board_tournament_format | config | enabled | - | - | - | tournament_format | named',
    'board-1_tournament_game': 'select.match_board_tournament_game | config | enabled | - | - | - | tournament_game | named',
    'board-1_tournament_next_match': 'button.match_board_next_tournament_match | - | enabled | - | - | - | tournament_next_match | named',
    'board-1_tournament_pause': 'number.match_board_tournament_pause | config | enabled | duration | s | - | tournament_pause | named',
    'board-1_tournament_players': 'text.match_board_tournament_players | config | enabled | - | - | - | tournament_players | named',
    'board-1_tournament_random_draw': 'switch.match_board_tournament_random_draw | config | enabled | - | - | - | tournament_random_draw | named',
    'board-1_tournament_start': 'button.match_board_start_tournament | - | enabled | - | - | - | tournament_start | named',
    'board-1_tournament_stop': 'button.match_board_stop_tournament | - | enabled | - | - | - | tournament_stop | named',
    'board-1_tournament_summary': 'number.match_board_tournament_summary_duration | config | enabled | duration | s | - | tournament_summary | named',
    'board-1_tournament_third_place': 'switch.match_board_tournament_third_place_match | config | enabled | - | - | - | tournament_third_place | named',
    'board-1_training_auto_start': 'switch.match_board_start_sessions_automatically | config | enabled | - | - | - | training_auto_start | named',
    'board-1_training_average': 'sensor.match_board_training_3_dart_average | - | enabled | - | points | measurement | training_average | named',
    'board-1_training_bulls': 'sensor.match_board_training_bull_hits | - | enabled | - | darts | total | training_bulls | named',
    'board-1_training_calendar': 'calendar.match_board_training_calendar | - | enabled | - | - | - | training_calendar | named',
    'board-1_training_daily_goal': 'number.match_board_daily_goal | config | enabled | - | darts | - | training_daily_goal | named',
    'board-1_training_darts': 'sensor.match_board_training_darts | - | enabled | - | darts | total | training_darts | named',
    'board-1_training_doubles': 'sensor.match_board_training_doubles | - | enabled | - | darts | total | training_doubles | named',
    'board-1_training_highest_visit': 'sensor.match_board_training_highest_visit | - | enabled | - | points | measurement | training_highest_visit | named',
    'board-1_training_idle_timeout': 'number.match_board_session_idle_timeout | config | enabled | duration | min | - | training_idle_timeout | named',
    'board-1_training_last_session': 'sensor.match_board_last_session_average | - | enabled | - | points | measurement | training_last_session | named',
    'board-1_training_misses': 'sensor.match_board_training_misses | - | enabled | - | darts | total | training_misses | named',
    'board-1_training_points': 'sensor.match_board_training_points | - | enabled | - | points | total | training_points | named',
    'board-1_training_scores_100': 'sensor.match_board_training_100_visits | - | enabled | - | visits | total | training_scores_100 | named',
    'board-1_training_scores_140': 'sensor.match_board_training_140_visits | - | enabled | - | visits | total | training_scores_140 | named',
    'board-1_training_scores_180': 'sensor.match_board_training_180s | - | enabled | - | visits | total | training_scores_180 | named',
    'board-1_training_session': 'switch.match_board_training_session | - | enabled | - | - | - | training_session | named',
    'board-1_training_started': 'sensor.match_board_training_session_start | - | enabled | timestamp | - | - | training_started | named',
    'board-1_training_streak': 'sensor.match_board_training_streak | - | enabled | duration | d | measurement | training_streak | named',
    'board-1_training_triples': 'sensor.match_board_training_triples | - | enabled | - | darts | total | training_triples | named',
    'board-1_training_visits': 'sensor.match_board_training_visits | - | enabled | - | visits | total | training_visits | named',
    'board-1_upstream': 'switch.match_board_cloud_link | - | enabled | - | - | - | upstream | named',
    'board-1_visit_score': 'sensor.match_board_visit_score | - | enabled | - | points | measurement | visit_score | named',
    'board-1_weekly_report': 'sensor.match_board_weekly_report | - | enabled | - | darts | total | weekly_report | named',
    'board-1_weekly_report_day': 'select.match_board_weekly_report_day | config | enabled | - | - | - | weekly_report_day | named',
    'board-1_weekly_report_time': 'time.match_board_weekly_report_time | config | enabled | - | - | - | weekly_report_time | named',
  })
# ---
# name: test_local_only_setup_entities_and_private_diagnostics
  dict({
    'board-1_achievements': 'sensor.autodarts_board_achievements | - | enabled | - | badges | - | achievements | named',
    'board-1_achievements_enabled': 'switch.autodarts_board_unlock_achievements | config | enabled | - | - | - | achievements_enabled | named',
    'board-1_auto_calibrate': 'switch.autodarts_board_automatic_recalibration | config | enabled | - | - | - | auto_calibrate | named',
    'board-1_auto_calibrate_on_start': 'switch.autodarts_board_calibrate_on_start | config | enabled | - | - | - | auto_calibrate_on_start | named',
    'board-1_auto_distortion': 'switch.autodarts_board_distortion_correction | config | enabled | - | - | - | auto_distortion | named',
    'board-1_board_event': 'sensor.autodarts_board_last_event | diagnostic | disabled | - | - | - | board_event | named',
    'board-1_board_events': 'event.autodarts_board_events | - | enabled | - | - | - | board_events | named',
    'board-1_calibrate': 'button.autodarts_board_start_automatic_calibration | config | enabled | - | - | - | calibrate | named',
    'board-1_calibrate_camera_0': 'button.autodarts_board_calibrate_camera_1 | config | enabled | - | - | - | calibrate_camera | named',
    'board-1_calibrate_camera_1': 'button.autodarts_board_calibrate_camera_2 | config | enabled | - | - | - | calibrate_camera | named',
    'board-1_calibrate_camera_2': 'button.autodarts_board_calibrate_camera_3 | config | enabled | - | - | - | calibrate_camera | named',
    'board-1_calibrating': 'binary_sensor.autodarts_board_calibration_in_progress | - | enabled | running | - | - | calibrating | named',
    'board-1_camera_0': 'camera.autodarts_board_camera_1 | - | disabled | - | - | - | board_camera | named',
    'board-1_camera_0_fps': 'sensor.autodarts_board_camera_1_frame_rate | diagnostic | disabled | - | fps | measurement | camera_fps | named',
    'board-1_camera_0_problem': 'binary_sensor.autodarts_board_camera_1_problem | diagnostic | enabled | problem | - | - | individual_camera_problem | named',
    'board-1_camera_1': 'camera.autodarts_board_camera_2 | - | disabled | - | - | - | board_camera | named',
    'board-1_camera_1_fps': 'sensor.autodarts_board_camera_2_frame_rate | diagnostic | disabled | - | fps | measurement | camera_fps | named',
    'board-1_camera_1_problem': 'binary_sensor.autodarts_board_camera_2_problem | diagnostic | enabled | problem | - | - | individual_camera_problem | named',
    'board-1_camera_2': 'camera.autodarts_board_camera_3 | - | disabled | - | - | - | board_camera | named',
    'board-1_camera_2_fps': 'sensor.autodarts_board_camera_3_frame_rate | diagnostic | disabled | - | fps | measurement | camera_fps | named',
    'board-1_camera_2_problem': 'binary_sensor.autodarts_board_camera_3_problem | diagnostic | enabled | problem | - | - | individual_camera_problem | named',
    'board-1_camera_problem': 'binary_sensor.autodarts_board_camera_problem | diagnostic | enabled | problem | - | - | camera_problem | named',
    'board-1_cameras_active': 'binary_sensor.autodarts_board_cameras_active | - | enabled | running | - | - | cameras_active | named',
    'board-1_connect': 'button.autodarts_board_connect_cloud_link | config | disabled | - | - | - | connect | named',
    'board-1_correction_rate': 'sensor.autodarts_board_detection_correction_rate | diagnostic | enabled | - | % | measurement | correction_rate | named',
    'board-1_darts_today': 'sensor.autodarts_board_darts_today | - | enabled | - | darts | total_increasing | darts_today | named',
    'board-1_detection': 'switch.autodarts_board_detection | - | enabled | - | - | - | detection | named',
    'board-1_detection_fps': 'sensor.autodarts_board_detection_frame_rate | diagnostic | disabled | - | fps | measurement | detection_fps | named',
    'board-1_disconnect': 'button.autodarts_board_disconnect_cloud_link | config | disabled | - | - | - | disconnect | named',
    'board-1_favourite_double': 'sensor.autodarts_board_favorite_double | - | enabled | - | - | - | favourite_double | named',
    'board-1_hand_detected': 'binary_sensor.autodarts_board_hand_detected | diagnostic | enabled | - | - | - | hand_detected | named',
    'board-1_image_stable': 'binary_sensor.autodarts_board_image_stable | diagnostic | disabled | - | - | - | image_stable | named',
    'board-1_last_match': 'sensor.autodarts_board_last_match | - | enabled | timestamp | - | - | last_match | named',
    'board-1_last_throw': 'sensor.autodarts_board_last_dart | - | enabled | - | - | - | last_throw | named',
    'board-1_last_throw_score': 'sensor.autodarts_board_last_dart_score | - | enabled | - | points | - | last_throw_score | named',
    'board-1_local_connected': 'binary_sensor.autodarts_board_local_connection | diagnostic | enabled | connectivity | - | - | local_connected | named',
    'board-1_local_status': 'sensor.autodarts_board_detection_status | - | enabled | enum | - | - | local_status | named',
    'board-1_local_visit_score': 'sensor.autodarts_board_detected_visit_score | - | enabled | - | points | - | local_visit_score | named',
    'board-1_num_throws': 'sensor.autodarts_board_darts_in_visit | - | enabled | - | darts | - | num_throws | named',
    'board-1_personal_best': 'sensor.autodarts_board_last_personal_best | - | enabled | timestamp | - | - | personal_best | named',
    'board-1_player_profiles': 'sensor.autodarts_board_player_profiles | - | enabled | - | players | - | player_profiles | named',
    'board-1_practice_bot_delay': 'number.autodarts_board_practice_bot_delay | config | enabled | duration | s | - | practice_bot_delay | named',
    'board-1_practice_bot_level': 'number.autodarts_board_practice_bot_level | config | enabled | - | - | - | practice_bot_level | named',
    'board-1_practice_bull_off': 'switch.autodarts_board_practice_bull_off | config | enabled | - | - | - | practice_bull_off | named',
    'board-1_practice_bull_off_distance': 'switch.autodarts_board_practice_bull_off_by_distance | config | enabled | - | - | - | practice_bull_off_distance | named',
    'board-1_practice_checkout': 'sensor.autodarts_board_practice_checkout | - | enabled | - | - | - | practice_checkout | named',
    'board-1_practice_checkout_rate': 'sensor.autodarts_board_practice_checkout_rate | - | enabled | - | % | measurement | practice_checkout_rate | named',
    'board-1_practice_count_up_rounds': 'number.autodarts_board_practice_count_up_rounds | config | enabled | - | - | - | practice_count_up_rounds | named',
    'board-1_practice_double_in': 'switch.autodarts_board_practice_double_in | config | enabled | - | - | - | practice_double_in | named',
    'board-1_practice_double_out': 'switch.autodarts_board_practice_double_out | config | enabled | - | - | - | practice_double_out | named',
    'board-1_practice_doubles_rate': 'sensor.autodarts_board_practice_doubles_rate | - | enabled | - | % | measurement | practice_doubles_rate | named',
    'board-1_practice_first_9_average': 'sensor.autodarts_board_practice_first_9_average | - | enabled | - | points | measurement | practice_first_9_average | named',
    'board-1_practice_game': 'select.autodarts_board_practice_game | - | enabled | - | - | - | practice_game | named',
    'board-1_practice_golf_holes': 'select.autodarts_board_practice_golf_holes | config | enabled | - | - | - | practice_golf_holes | named',
    'board-1_practice_legs': 'number.autodarts_board_practice_legs_per_set | config | enabled | - | - | - | practice_legs | named',
    'board-1_practice_legs_played': 'sensor.autodarts_board_practice_legs_played | - | enabled | - | - | total | practice_legs_played | named',
    'board-1_practice_manual_entry': 'switch.autodarts_board_practice_manual_entry | config | enabled | - | - | - | practice_manual_entry | named',
    'board-1_practice_new_leg': 'button.autodarts_board_new_practice_leg | - | enabled | - | - | - | practice_new_leg | named',
    'board-1_practice_new_match': 'button.autodarts_board_new_practice_match | - | enabled | - | - | - | practice_new_match | named',
    'board-1_practice_personal_routes': 'switch.autodarts_board_practice_personal_checkout_routes | config | enabled | - | - | - | practice_personal_routes | named',
    'board-1_practice_player_1': 'text.autodarts_board_practice_player_1 | config | enabled | - | - | - | practice_player | named',
    'board-1_practice_player_2': 'text.autodarts_board_practice_player_2 | config | enabled | - | - | - | practice_player | named',
    'board-1_practice_player_3': 'text.autodarts_board_practice_player_3 | config | enabled | - | - | - | practice_player | named',
    'board-1_practice_player_4': 'text.autodarts_board_practice_player_4 | config | enabled | - | - | - | practice_player | named',
    'board-1_practice_players': 'number.autodarts_board_practice_players | config | enabled | - | - | - | practice_players | named',
    'board-1_practice_remaining': 'sensor.autodarts_board_practice_remaining_score | - | enabled | - | - | - | practice_remaining | named',
    'board-1_practice_sets': 'number.autodarts_board_practice_sets_to_win | config | enabled | - | - | - | practice_sets | named',
    'board-1_practice_start_1': 'number.autodarts_board_practice_start_score_player_1 | config | enabled | - | - | - | practice_start | named',
    'board-1_practice_start_2': 'number.autodarts_board_practice_start_score_player_2 | config | enabled | - | - | - | practice_start | named',
    'board-1_practice_start_3': 'number.autodarts_board_practice_start_score_player_3 | config | enabled | - | - | - | practice_start | named',
    'board-1_practice_start_4': 'number.autodarts_board_practice_start_score_player_4 | config | enabled | - | - | - | practice_start | named',
    'board-1_practice_target': 'sensor.autodarts_board_practice_target | - | enabled | - | - | - | practice_target | named',
    'board-1_practice_teams': 'switch.autodarts_board_practice_teams | config | enabled | - | - | - | practice_teams | named',
    'board-1_practice_three_in_a_bed': 'switch.autodarts_board_practice_wild_mouse_three_in_a_bed | config | enabled | - | - | - | practice_three_in_a_bed | named',
    'board-1_realtime_connected': 'binary_sensor.autodarts_board_realtime_connection | diagnostic | enabled | connectivity | - | - | realtime_connected | named',
    'board-1_reset': 'button.autodarts_board_reset_detection | - | enabled | - | - | - | reset | named',
    'board-1_reset_training': 'button.autodarts_board_new_training_session | - | enabled | - | - | - | reset_training | named',
    'board-1_restart': 'button.autodarts_board_restart_board_manager | config | enabled | restart | - | - | restart | named',
    'board-1_standby_minutes': 'select.autodarts_board_camera_standby | config | enabled | - | - | - | standby_minutes | named',
    'board-1_start': 'button.autodarts_board_start_detection | - | enabled | - | - | - | start | named',
    'board-1_start_streams': 'button.autodarts_board_start_camera_streams | config | disabled | - | - | - | start_streams | named',
    'board-1_stop': 'button.autodarts_board_stop_detection | - | enabled | - | - | - | stop | named',
    'board-1_stop_streams': 'button.autodarts_board_stop_camera_streams | config | disabled | - | - | - | stop_streams | named',
    'board-1_takeout_full': 'binary_sensor.autodarts_board_darts_fully_removed | diagnostic | disabled | - | - | - | takeout_full | named',
    'board-1_takeout_partial': 'binary_sensor.autodarts_board_darts_partially_removed | diagnostic | enabled | - | - | - | takeout_partial | named',
    'board-1_tournament': 'sensor.autodarts_board_tournament | - | enabled | enum | - | - | tournament | named',
    'board-1_tournament_format': 'select.autodarts_board_tournament_format | config | enabled | - | - | - | tournament_format | named',
    'board-1_tournament_game': 'select.autodarts_board_tournament_game | config | enabled | - | - | - | tournament_game | named',
    'board-1_tournament_next_match': 'button.autodarts_board_next_tournament_match | - | enabled | - | - | - | tournament_next_match | named',
    'board-1_tournament_pause': 'number.autodarts_board_tournament_pause | config | enabled | duration | s | - | tournament_pause | named',
    'board-1_tournament_players': 'text.autodarts_board_tournament_players | config | enabled | - | - | - | tournament_players | named',
    'board-1_tournament_random_draw': 'switch.autodarts_board_tournament_random_draw | config | enabled | - | - | - | tournament_random_draw | named',
    'board-1_tournament_start': 'button.autodarts_board_start_tournament | - | enabled | - | - | - | tournament_start | named',
    'board-1_tournament_stop': 'button.autodarts_board_stop_tournament | - | enabled | - | - | - | tournament_stop | named',
    'board-1_tournament_summary': 'number.autodarts_board_tournament_summary_duration | config | enabled | duration | s | - | tournament_summary | named',
    'board-1_tournament_third_place': 'switch.autodarts_board_tournament_third_place_match | config | enabled | - | - | - | tournament_third_place | named',
    'board-1_training_auto_start': 'switch.autodarts_board_start_sessions_automatically | config | enabled | - | - | - | training_auto_start | named',
    'board-1_training_average': 'sensor.autodarts_board_training_3_dart_average | - | enabled | - | points | measurement | training_average | named',
    'board-1_training_bulls': 'sensor.autodarts_board_training_bull_hits | - | enabled | - | darts | total | training_bulls | named',
    'board-1_training_calendar': 'calendar.autodarts_board_training_calendar | - | enabled | - | - | - | training_calendar | named',
    'board-1_training_daily_goal': 'number.autodarts_board_daily_goal | config | enabled | - | darts | - | training_daily_goal | named',
    'board-1_training_darts': 'sensor.autodarts_board_training_darts | - | enabled | - | darts | total | training_darts | named',
    'board-1_training_doubles': 'sensor.autodarts_board_training_doubles | - | enabled | - | darts | total | training_doubles | named',
    'board-1_training_highest_visit': 'sensor.autodarts_board_training_highest_visit | - | enabled | - | points | measurement | training_highest_visit | named',
    'board-1_training_idle_timeout': 'number.autodarts_board_session_idle_timeout | config | enabled | duration | min | - | training_idle_timeout | named',
    'board-1_training_last_session': 'sensor.autodarts_board_last_session_average | - | enabled | - | points | measurement | training_last_session | named',
    'board-1_training_misses': 'sensor.autodarts_board_training_misses | - | enabled | - | darts | total | training_misses | named',
    'board-1_training_points': 'sensor.autodarts_board_training_points | - | enabled | - | points | total | training_points | named',
    'board-1_training_scores_100': 'sensor.autodarts_board_training_100_visits | - | enabled | - | visits | total | training_scores_100 | named',
    'board-1_training_scores_140': 'sensor.autodarts_board_training_140_visits | - | enabled | - | visits | total | training_scores_140 | named',
    'board-1_training_scores_180': 'sensor.autodarts_board_training_180s | - | enabled | - | visits | total | training_scores_180 | named',
    'board-1_training_session': 'switch.autodarts_board_training_session | - | enabled | - | - | - | training_session | named',
    'board-1_training_started': 'sensor.autodarts_board_training_session_start | - | enabled | timestamp | - | - | training_started | named',
    'board-1_training_streak': 'sensor.autodarts_board_training_streak | - | enabled | duration | d | measurement | training_streak | named',
    'board-1_training_triples': 'sensor.autodarts_board_training_triples | - | enabled | - | darts | total | training_triples | named',
    'board-1_training_visits': 'sensor.autodarts_board_training_visits | - | enabled | - | visits | total | training_visits | named',
    'board-1_upstream': 'switch.autodarts_board_cloud_link | - | enabled | - | - | - | upstream | named',
    'board-1_weekly_report': 'sensor.autodarts_board_weekly_report | - | enabled | - | darts | total | weekly_report | named',
    'board-1_weekly_report_day': 'select.autodarts_board_weekly_report_day | config | enabled | - | - | - | weekly_report_day | named',
    'board-1_weekly_report_time': 'time.autodarts_board_weekly_report_time | config | enabled | - | - | - | weekly_report_time | named',
  })
# ---
